# _____TODO_____
# - fill with walls
# - place doors 
# - size map

# Name of the map. This will be used to switch maps later (ie Door[destination=other_map]).
!name
janitor_closet_1

# Level ID. Irrelevant for now, and possibly forever.
!level
0202

# Size of the map, in tiles.
!size
7x5
 
# Map background. Loaded via texture store -- so, this is [folder_]filename
!background
tile floor_concrete_dark

# Autogenerates walls -- side=texture_name. Exclude directive (for doors) must be first.
!walls
exclude=3,0 2,0 5,4
tl=wall_marble_tl
t=wall_marble_t
tr=wall_marble_tr
l=wall_marble_l
r=wall_marble_r
bl=wall_marble_bl
b=wall_marble_b
br=wall_marble_br

# Each object in the map.
# Format: x,y name ObjectClass[args]
# name is arbitrary, used for identification in extra code later
# doesn't work with any object class right away -- ask Camden to register it
#
# ____Examples____
# 5,5 enemy1 Entity[texture=misc_testenemy,attrs=move_towards_player,health=20,reach=1] 
# 3,3 chest Chest[texture=items_chest,openedTexture=items_open_chest] 
# 4,4 door Door[texture=misc_bill_gate_head,destination=testmap2]
!objects
# ___Walls___

# ___Doors___
3,0 door Door[texture=door_bottom_r_u,destination=office_1,spawn=12+g1/2x14]
2,0 door Door[texture=door_bottom_l_u,destination=office_1,spawn=12+g1/2x14]
5,4 door Door[texture=wall_marble_t,destination=elevator_f4_f5,spawn=2+g1/2x2+g1/2]

#____Items____
1-g5/16,3+g5/16 shelves MapObject[texture=objects_shelves,collidable=true,solid=true]
2-g10/16,3+g5/16 shelves MapObject[texture=objects_shelves,collidable=true,solid=true]
3-g15/16,3+g5/16 shelves MapObject[texture=objects_shelves,collidable=true,solid=true]
3-g4/16,3+g5/16 shelves MapObject[texture=objects_shelves,collidable=true,solid=true]
4-g9/16,3+g4/16 shelves MapObject[texture=objects_filing_cabinet,collidable=true,solid=true]
5-g14/16,3+g4/16 shelves MapObject[texture=objects_filing_cabinet,collidable=false,solid=true]
5-g3/16,3+g4/16 shelves MapObject[texture=objects_filing_cabinet,collidable=false,solid=true] 
5-g12/16,1+g8/16 spill MapObject[texture=objects_water_spill_1, collidable=false]
5-g12/16,1+g8/16 mop MapObject[texture=objects_bucket,xSize=g12/16,ySize=g12/16,collidable=false,solid=false]
5,1 mop MapObject[texture=objects_bucket_mop,xSize=g12/16,ySize=g12/16,collidable=false,solid=false]
1+g2/16,1+g4/16 pot MapObject[texture=objects_floor_plant_pot, collidable=true, xSize=g6/16, ySize=g6/16]
1-g3/16,1-g1/16 plant MapObject[texture=objects_floor_plant, collidable=false]
4-g5/16,3+g9/16 desk_plant MapObject[texture=objects_document_2, rotation=300, xSize=g1/2, ySize=g1/2]
5+g2/16,3+g9/16 desk_plant MapObject[texture=objects_document_goofy, rotation=20, xSize=g1/2, ySize=g1/2, collidable=false]



# ___Enemies___
1,2 janitor MicrosoftEmployee[lines=break,attrs=invincible,rotation=230]

# ___Loot___

# What drops when last enemy dies
!drops

# Where (in tiles) the player will spawn in.
!player_spawn
2,1